Getting block 9272... 131350503103060
Getting block 9273... 132450105092031
Getting block 9274... 131350503103060
Getting block 9275... 120860012043002
Getting block 9276... 060730004002011
Getting block 9277... 360594073011130
Getting block 9278... 170438462073005
Getting block 9279... 482014121001030
Getting block 9280... 250173215003017
Getting block 9281... 060133462041016
Getting block 9282... 360610029004000
Getting block 9283... 060830009002017
Getting block 9284... 060730038001003
Getting block 9285... 371559613011142
Getting block 9286... 484530023102009
Getting block 9287... 484391234001040
Getting block 9288... 080350141362022
Getting block 9289... 131210114122006
Getting block 9290... 121050140051015
Getting block 9291... 301110004023024
Getting block 9292... 551332045023006
Getting block 9293... 410510050001123
Getting block 9294... 530330054002007
Getting block 9295... 060770042041048
Getting block 9296... 060710073061011
Getting block 9297... 550896603013015
Getting block 9298... 060014506021012
Getting block 9299... 481130168033016
Getting block 9300... 360630229011004
Getting block 9301... 060375731003001
Getting block 9302... 410050234043047
Getting block 9303... 361031103003011
Getting block 9304... 250173215003017
Getting block 9305... 051190015013027
Getting block 9306... 271230375004008
Getting block 9307... 131210096023002
Getting block 9308... 480291109001018
Getting block 9309... 040132172011009
Getting block 9310... 360610041001003
Getting block 9311... 360910619031000
Getting block 9312... 080010601001000
Getting block 9313... 420912107001009
Getting block 9314... 060372733003010
Getting block 9315... 470370169002031
Getting block 9316... 370899319011029
Getting block 9317... 482015104002013
Getting block 9318... 230310360013067
Getting block 9319... 420171003072015
Getting block 9320... 360150109001014
Getting block 9321... 340076033012001
Getting block 9322... 090010108003013
Getting block 9323... 120950171032292
Getting block 9324... 170310630002008
Getting block 9325... 481130195012009
Getting block 9326... 060730013001003
Getting block 9327... 484530010001002
Getting block 9328... 340210043013033
Getting block 9329... 211379204001041
Getting block 9330... 390553118003030
Getting block 9331... 060590421072003
Getting block 9332... 340410315005001
Getting block 9333... 484530008011018
Getting block 9334... 530630039002046
Getting block 9335... 040134224012009
Getting block 9336... 460990011082014
Getting block 9337... 120860082062012
Getting block 9338... 370630020173010
Getting block 9339... 481130190291021
Getting block 9340... 170318317001015
Getting block 9341... 483610209004011
Getting block 9342... 490351125023014
Getting block 9343... 060376201021021
Getting block 9344... 361031582021030
Getting block 9345... 420912005023009
Getting block 9346... 360070127015020
Getting block 9347... 060377004003013
Getting block 9348... 171430012001029
Getting block 9349... 490351101032044
Getting block 9350... 511539017015000
Getting block 9351... 120310139061035
Getting block 9352... 191530007011008
Getting block 9353... 131210100011007
Getting block 9354... 060590884022000
Getting block 9355... 290950157001027
Getting block 9356... 471570213311026
Getting block 9357... 310550018002026
Getting block 9358... 060371895002005
Getting block 9359... 080590108011049
Getting block 9360... 482015225004011
Getting block 9361... 271230407041020
Getting block 9362... 421298059011116
Getting block 9363... 340076073003007
Getting block 9364... 040134223072008
Getting block 9365... 121270925002001
Getting block 9366... 360610143001037
Getting block 9367... 370210022031027
Getting block 9368... 121050122051006
Getting block 9369... 480913105022000
Getting block 9370... 120990077433000
Getting block 9371... 320030025011009
Getting block 9372... 371830526012010
Getting block 9373... 360594073011132
Getting block 9374... 180973910003138
Getting block 9375... 340297120002001
Getting block 9376... 060290028061037
Getting block 9377... 530330054002007
Getting block 9378... 090052602001017
Getting block 9379... 080350141362022
Getting block 9380... 481130078011022
Getting block 9381... 120860041031001
Getting block 9382... 060590759025002
Getting block 9383... 261635697001001
Getting block 9384... 191659603004018
Getting block 9385... 483610203003007
Getting block 9386... 211379204001041
Getting block 9387... 390351891083001
Getting block 9388... 131210100011007
Getting block 9389... 040131141001043
Getting block 9390... 210670009001024
Getting block 9391... 471490416003057
Getting block 9392... 131210035001026
Getting block 9393... 280790406002049
Getting block 9394... 120990077433000
Getting block 9395... 371830534251006
Getting block 9396... 191030016003002
Getting block 9397... 360610067002001
Getting block 9398... 390351036022026
Getting block 9399... 090053201004017
Getting block 9400... 131510703053010
Getting block 9401... 340130137004000
Getting block 9402... 250250701013004
Getting block 9403... 060590759025002
Getting block 9404... 220710045003004
Getting block 9405... 450450015012035
Getting block 9406... 361090001001012
Getting block 9407... 560399677024054
Getting block 9408... 250250701013004
Getting block 9409... 511371102001089
Getting block 9410... 170313201001010
Getting block 9411... 180973910003138
Getting block 9412... 340210043013033
Getting block 9413... 040135231042010
Getting block 9414... 120950103003010
Getting block 9415... 370210022031027
Getting block 9416... 060371439011000
Getting block 9417... 120570139161019
Getting block 9418... 261635839003001
Getting block 9419... 060014002002004
Getting block 9420... 410510106001027
Getting block 9421... 361031589001017
Getting block 9422... 060373200001000
Getting block 9423... 360775908005015
Getting block 9424... 271410305022067
Getting block 9425... 330150691001010
Getting block 9426... 340170127004006
Getting block 9427... 180973910003138
Getting block 9428... 060371944023006
Getting block 9429... 131210035001026
Getting block 9430... 510872001191045
Getting block 9431... 360610220002001
Getting block 9432... 090034641023002
Getting block 9433... 060050003032055
Getting block 9434... 295101174001005
Getting block 9435... 250214025001010
Getting block 9436... 261390231004000
Getting block 9437... 060590761011005
Getting block 9438... 340390307023011
Getting block 9439... 390170111282014
Getting block 9440... 211379204001041
Getting block 9441... 090091754001033
Getting block 9442... 360670150003002
Getting block 9443... 360470515001012
Getting block 9444... 060371920012004
Getting block 9445... 360610143001001
Getting block 9446... 390610042001006
Getting block 9447... 060590759025002
Getting block 9448... 440070126012056
Getting block 9449... 391559330014008
Getting block 9450... 201730043001033
Getting block 9451... 420171058011074
Getting block 9452... 130890209001038
Getting block 9453... 060372361005003
Getting block 9454... 060374044011000
Getting block 9455... 270531114002001
Getting block 9456... 340230067011005
Getting block 9457... 421010010021020
Getting block 9458... 060190029051022
Getting block 9459... 518100460064017
Getting block 9460... 360050296001012
Getting block 9461... 060190022004014
Getting block 9462... 060590748012002
Getting block 9463... 240037312041019
Getting block 9464... 120950102003004
Getting block 9465... 550250016063003
Getting block 9466... 060590759025002
Getting block 9467... 060372735023000
Getting block 9468... 060855050061000
Getting block 9469... 391570208007015
Getting block 9470... 410390021022006
Getting block 9471... 360610040001000
Getting block 9472... 060590626042004
Getting block 9473... 110010072002033
Getting block 9474... 060599800001015
Getting block 9475... 120570114121013
Getting block 9476... 180571110082046
Getting block 9477... 450910610042027
Getting block 9478... 080590120273000
Getting block 9479... 060372396012008
Getting block 9480... 191530051001072
Getting block 9481... 340190114003025
Getting block 9482... 110010062021039
Getting block 9483... 220619604003072
Getting block 9484... 320030029822006
Getting block 9485... 360610018001001
Getting block 9486... 080319800001045
Getting block 9487... 230050021022013
Getting block 9488... 120110103051007
Getting block 9489... 170318413004023
Getting block 9490... 060371891011002
Getting block 9491... 261251730001024
Getting block 9492... 211379204001041
Getting block 9493... 060871010001002
Getting block 9494... 060590759025002
Getting block 9495... 360550144002005
Getting block 9496... 550790036001013
Getting block 9497... 240037401022088
Getting block 9498... 060730002023002
Getting block 9499... 120710506021041
Getting block 9500... 060670081381000
Getting block 9501... 060372074001037
Getting block 9502... 120860026002011
Getting block 9503... 370210005003020
Getting block 9504... 201730023002003
Getting block 9505... 551332015052035
Getting block 9506... 360470515001010
Getting block 9507... 360470429003000
Getting block 9508... 120860001281016
Getting block 9509... 320310002023024
Getting block 9510... 240338064003000
Getting block 9511... 240054114063009
Getting block 9512... 360610102001008
Getting block 9513... 090118702002002
Getting block 9514... 060590760004002
Getting block 9515... 482014121001030
Getting block 9516... 060375765032000
Getting block 9517... 180030115013026
Getting block 9518... 220150110021013
Getting block 9519... 250173742001009
Getting block 9520... 310550049006000
Getting block 9521... 060373203002007
Getting block 9522... 421010012024011
Getting block 9523... 060790111021008
Getting block 9524... 120110901015006
Getting block 9525... 530670101001018
Getting block 9526... 061110076112001
Getting block 9527... 390610256001003
Getting block 9528... 330130322002012
Getting block 9529... 060590760004002
Getting block 9530... 131210114184020
Getting block 9531... 060650422091015
Getting block 9532... 131210058001001
Getting block 9533... 060590423362000
Getting block 9534... 420370503002041
Getting block 9535... 170318413004023
Getting block 9536... 010810402003006
Getting block 9537... 060590759025001
Getting block 9538... 060730083571000
Getting block 9539... 530330093003157
Getting block 9540... 211379204001041
Getting block 9541... 484530024282028
Getting block 9542... 120710506021041
Getting block 9543... 260190005001057
Getting block 9544... 420792155011004
Getting block 9545... 421010363011006
Getting block 9546... 191690008002007
Getting block 9547... 340190114003025
Getting block 9548... 130670303451027
Getting block 9549... 361031593002031
Getting block 9550... 450190047021017
Getting block 9551... 060375765032000
Getting block 9552... 390610069003005
Getting block 9553... 180030115013026
Getting block 9554... 120730020041000
Getting block 9555... 482014110003001
Getting block 9556... 060650419102014
Getting block 9557... 490351122021009
Getting block 9558... 320030067001023
Getting block 9559... 250173541004007
Getting block 9560... 390250404031024
Getting block 9561... 320310001014012
Getting block 9562... 340190114003025
Getting block 9563... 320030054381011
Getting block 9564... 060750166004004
Getting block 9565... 410510014004015
Getting block 9566... 120570039001055
Getting block 9567... 150030020032001
Getting block 9568... 060133390021017
Getting block 9569... 121270820003023
Getting block 9570... 410670319041007
Getting block 9571... 060855070014003
Getting block 9572... 481130141333027
Getting block 9573... 080410051052014
Getting block 9574... 360595180001006
Getting block 9575... 360595180001006
Getting block 9576... 360610021001002
Getting block 9577... 361190148065025
Getting block 9578... 490351140001004
Getting block 9579... 250138134012019
Getting block 9580... 120950170012068
Getting block 9581... 390490102001014
Getting block 9582... 120860090291032
Getting block 9583... 401190105001010
Getting block 9584... 361031593002031
Getting block 9585... 010730108032002
Getting block 9586... 320030067001023
Getting block 9587... 010730129053014
Getting block 9588... 420490102012037
Getting block 9589... 011170303153021
Getting block 9590... 080310005012017
Getting block 9591... 250235051012021
Getting block 9592... 060730173033016
Getting block 9593... 360610034003001
Getting block 9594... 250250701013004
Getting block 9595... 320030067001000
Getting block 9596... 240054407022001
Getting block 9597... 390490023002023
Getting block 9598... 130670302284016
Getting block 9599... 482014313013005
Getting block 9600... 450910602002027
Getting block 9601... 420710147001007
Getting block 9602... 080690001002093
Getting block 9603... 361031349031005
Getting block 9604... 511870202003155
Getting block 9605... 060372073012017
Getting block 9606... 211379204001041
Getting block 9607... 170318391001067
Getting block 9608... 360610125002001
Getting block 9609... 060952523172020
Getting block 9610... 121170217083000
Getting block 9611... 150030029001012
Getting block 9612... 120710506021041
Getting block 9613... 340210026021011
Getting block 9614... 350010047411000
Getting block 9615... 290770030021017
Getting block 9616... 482015115006033
Getting block 9617... 530090009003001
Getting block 9618... 360610167003001
Getting block 9619... 120970422003000
Getting block 9620... 250056531014012
Getting block 9621... 170318218005000
Getting block 9622... 360610058001000
Getting block 9623... 060372060312018
Getting block 9624... 060971502024030
Getting block 9625... 090091671005014
Getting block 9626... 361031593002031
Getting block 9627... 060552016023003
Getting block 9628... 050310004021018
Getting block 9629... 450910610051021
Getting block 9630... 261635214001048
Getting block 9631... 360070127015020
Getting block 9632... 120050027032041
Getting block 9633... 060790111011010
Getting block 9634... 245102302002014
Getting block 9635... 550791602043015
Getting block 9636... 481390610001152
Getting block 9637... 510594402011029
Getting block 9638... 120610502003047
Getting block 9639... 060670087052236
Getting block 9640... 470370195001126
Getting block 9641... 060759804011003
Getting block 9642... 517700006012000
Getting block 9643... 120730005002000
Getting block 9644... 371830535174004
Getting block 9645... 410030106001026
Getting block 9646... 060372652023000
Getting block 9647... 060730052001044
Getting block 9648... 360150109001014
Getting block 9649... 130590006002042
Getting block 9650... 040139413001030
Getting block 9651... 150030015001006
Getting block 9652... 361031593002031
Getting block 9653... 490351023001005
Getting block 9654... 360610121002000
Getting block 9655... 360610074001004
Getting block 9656... 340210026021011
Getting block 9657... 484530023081001
Getting block 9658... 250250006021007
Getting block 9659... 290398703004085
Getting block 9660... 080410067001046
Getting block 9661... 230310360013067
Getting block 9662... 060871205004016
Getting block 9663... 131171302022007
Getting block 9664... 420430242002008
Getting block 9665... 230139708003022
Getting block 9666... 050450308004014
Getting block 9667... 230310360013067
Getting block 9668... 060371833002009
Getting block 9669... 060371944022005
Getting block 9670... 191712904002054
Getting block 9671... 420034560011010
Getting block 9672... 100050510033000
Getting block 9673... 080690001002093
Getting block 9674... 360550010001013
Getting block 9675... 240338035211031
Getting block 9676... 450450018051000
Getting block 9677... 060374817111002
Getting block 9678... 060014425003002
Getting block 9679... 480291920001051
Getting block 9680... 040138169001062
Getting block 9681... 421212013004001
Getting block 9682... 245102302002006
Getting block 9683... 060590759013017
Getting block 9684... 320030058541005
Getting block 9685... 530090009001005
Getting block 9686... 484391137052012
Getting block 9687... 040030021002012
Getting block 9688... 420430242002008
Getting block 9689... 360594082003007
Getting block 9690... 060190029062001
Getting block 9691... 120950167271017
Getting block 9692... 515500208052003
Getting block 9693... 530610528041012
Getting block 9694... 060371907001010
Getting block 9695... 171079529002042
Getting block 9696... 120990041023003
Getting block 9697... 230050005002009
Getting block 9698... 120990077493001
Getting block 9699... 484530010003006
Getting block 9700... 470370185002003
Getting block 9701... 481677240001079
Getting block 9702... 410050205012002
Getting block 9703... 340130228001004
Getting block 9704... 270190909002000
Getting block 9705... 120860090291032
Getting block 9706... 530610504024007
Getting block 9707... 420691127003004
Getting block 9708... 390351776061002
Getting block 9709... 360610031001021
Getting block 9710... 470370165001029
Getting block 9711... 201379517005030
Getting block 9712... 401091083074004
Getting block 9713... 130890213033015
Getting block 9714... 060552013001022
Getting block 9715... 483671407041000
Getting block 9716... 320030028471015
Getting block 9717... 540379724022001
Getting block 9718... 360470199002001
Getting block 9719... 180973910003138
Getting block 9720... 420430242002008
Getting block 9721... 370810136023022
Getting block 9722... 130510111031036
Getting block 9723... 180973910003138
Getting block 9724... 330110152004035
Getting block 9725... 040138130002000
Getting block 9726... 060855123082004
Getting block 9727... 481576740002016
Getting block 9728... 360610143001037
Getting block 9729... 150039813001004
Getting block 9730... 080410023001039
Getting block 9731... 060750211003004
Getting block 9732... 130970805071007
Getting block 9733... 060371974202009
Getting block 9734... 490351036001000
Getting block 9735... 060372735021001
Getting block 9736... 250250701018037
Getting block 9737... 484530019111002
Getting block 9738... 060376203053015
Getting block 9739... 421010144002041
Getting block 9740... 410079505003042
Getting block 9741... 080590120241000
Getting block 9742... 484530018491025
Getting block 9743... 220710134003082
Getting block 9744... 482014530002000
Getting block 9745... 510131018021008
Getting block 9746... 120950159012011
Getting block 9747... 250173395001013
Getting block 9748... 510131034024000
Getting block 9749... 490359800001002
Getting block 9750... 131210115042007
Getting block 9751... 530670101001018
Getting block 9752... 360610143001037
Getting block 9753... 250173541004014
Getting block 9754... 360630231002032
Getting block 9755... 360290107001031
Getting block 9756... 511539012211015
Getting block 9757... 121030204001011
Getting block 9758... 060377019023040
Getting block 9759... 420691116001032
Getting block 9760... 060374817111002
Getting block 9761... 170312916001008
Getting block 9762... 401430058071009
Getting block 9763... 060759804011003
Getting block 9764... 211379204001041
Getting block 9765... 080439781002038
Getting block 9766... 110010028021001
Getting block 9767... 410510020005012
Getting block 9768... 090075415001008
Getting block 9769... 060590873003007
Getting block 9770... 060759804011003
Getting block 9771... 361031697041001
Getting block 9772... 482090109053001
Getting block 9773... 530330065003021
Getting block 9774... 530090009001005
Getting block 9775... 340076033012001
Getting block 9776... 180973906001056
Getting block 9777... 410510020005012
Getting block 9778... 131210116111037
Getting block 9779... 080410023001039
Getting block 9780... 060371920021009
Getting block 9781... 470370117001004
Getting block 9782... 360593029002001
Getting block 9783... 270990009001072
Getting block 9784... 390630007002001
Getting block 9785... 250173373001012
Getting block 9786... 550090006005017
Getting block 9787... 120950160011002
Getting block 9788... 320030067001023
Getting block 9789... 210670039082073
Getting block 9790... 060374817111002
Getting block 9791... 060670011012021
Getting block 9792... 260730007001014
Getting block 9793... 482014315013000
Getting block 9794... 421010175001013
Getting block 9795... 490251302002025
Getting block 9796... 390351776061002
Getting block 9797... 060019832001040
Getting block 9798... 131210105112016
Getting block 9799... 391690006003048
Getting block 9800... 360610067002000
Getting block 9801... 390351612001006
Getting block 9802... 530299707002015
Getting block 9803... 510594516011002
Getting block 9804... 450450002001013
Getting block 9805... 080410037012073
Getting block 9806... 060710112052031
Getting block 9807... 060750128001012
Getting block 9808... 170898519101023
Getting block 9809... 391535064003003
Getting block 9810... 060750228011012
Getting block 9811... 550170107003059
Getting block 9812... 060014041012005
Getting block 9813... 180973910003060
Getting block 9814... 211379204001041
Getting block 9815... 110010050012002
Getting block 9816... 060590759025002
Getting block 9817... 320030007004016
Getting block 9818... 080690020071006
Getting block 9819... 340030490023028
Getting block 9820... 060650432061003
Getting block 9821... 220510250014001
Getting block 9822... 060014285002008
Getting block 9823... 060590758111012
Getting block 9824... 080410023001039
Getting block 9825... 361190139002010
Getting block 9826... 120950148121081
Getting block 9827... 290470221002242
Getting block 9828... 060855065023001
Getting block 9829... 240450004004003
Getting block 9830... 060855065023001
Getting block 9831... 121113801001083
Getting block 9832... 517100049001081
Getting block 9833... 250173413002024
Getting block 9834... 180350028003025
Getting block 9835... 410510106001016
Getting block 9836... 420770064011048
Getting block 9837... 060670081342000
Getting block 9838... 360610050004000
Getting block 9839... 271390803011064
Getting block 9840... 170312107002017
Getting block 9841... 060375734031027
Getting block 9842... 310550074451019
Getting block 9843... 550630104025010
Getting block 9844... 060730052001044
Getting block 9845... 120860026002011
Getting block 9846... 211379204001041
Getting block 9847... 410510033011012
Getting block 9848... 340297224014036
Getting block 9849... 391535301032011
Getting block 9850... 120860110033014
Getting block 9851... 480291101001121
Getting block 9852... 120860078041014
Getting block 9853... 420410116013001
Getting block 9854... 400272009002049
Getting block 9855... 390170111091004
Getting block 9856... 360595213012022
Getting block 9857... 295101256002041
Getting block 9858... 131210011003005
Getting block 9859... 201730099005068
Getting block 9860... 340270457031015
Getting block 9861... 170312425001002
Getting block 9862... 482015113014002
Getting block 9863... 172010003001022
Getting block 9864... 180973910003138
Getting block 9865... 060730083031000
Getting block 9866... 390490040001020
Getting block 9867... 481576740002013
Getting block 9868... 060590755052058
Getting block 9869... 361031350042009
Getting block 9870... 360610090002000
Getting block 9871... 360594073011130
Getting block 9872... 170312403001022
Getting block 9873... 060372073012017
Getting block 9874... 420410118013008
Getting block 9875... None
Getting block 9876... 060590760004002
Getting block 9877... 320030007004015
Getting block 9878... 060591106033002
Getting block 9879... 471490409031089
Getting block 9880... 120610502003047
Getting block 9881... 261614060002003
Getting block 9882... 261614036001000
Getting block 9883... 060730083571000
Getting block 9884... 060371413023007
Getting block 9885... 271310706011000
Getting block 9886... 250277542001000
Getting block 9887... 131210013002000
Getting block 9888... 490351029002015
Getting block 9889... 420035262022026
Getting block 9890... 484530003071021
Getting block 9891... 482013125001070
Getting block 9892... 391535301032011
Getting block 9893... 080130122021020
Getting block 9894... 090010353001025
Getting block 9895... 320050020001012
Getting block 9896... 482015102001057
Getting block 9897... 080410023001039
Getting block 9898... 180973910003060
Getting block 9899... 490351122021009
Getting block 9900... 170310306012004
Getting block 9901... 180973910003138
Getting block 9902... 360610102001008
Getting block 9903... 360290096001023
Getting block 9904... 360050230001004
Getting block 9905... 120090621091010
Getting block 9906... 170310309004000
Getting block 9907... 518100446004026
Getting block 9908... 530630025004015
Getting block 9909... 170318308001005
Getting block 9910... 120950160011002
Getting block 9911... 320030025011009
Getting block 9912... 180973910003138
Getting block 9913... 360470065001000
Getting block 9914... 360470299001000
Getting block 9915... 410670313001012
Getting block 9916... 245102301002015
Getting block 9917... 261635930003026
Getting block 9918... 530330082001033
Getting block 9919... 390610078002002
Getting block 9920... 500279663003014
Getting block 9921... 060372119211001
Getting block 9922... 060730185043019
Getting block 9923... 131210012012008
Getting block 9924... 360710102003034
Getting block 9925... 360710102003034
Getting block 9926... 261635799001043
Getting block 9927... 060730008001001
Getting block 9928... 130890215021007
Getting block 9929... 410030106001026
Getting block 9930... 530330082001019
Getting block 9931... 390610078002002
Getting block 9932... 090053491003016
Getting block 9933... 060591106043023
Getting block 9934... 060372074001037
Getting block 9935... 120860189002008
Getting block 9936... 261614060002003
Getting block 9937... 211379204001041
Getting block 9938... 360610083002001
Getting block 9939... 484530009022007
Getting block 9940... 360610055012000
Getting block 9941... 290950074003007
Getting block 9942... 360594073011096
Getting block 9943... 180530107002040
Getting block 9944... 060376212013015
Getting block 9945... 010510313001033
Getting block 9946... 540110109001002
Getting block 9947... 484850126003052
Getting block 9948... 120950159012037
Getting block 9949... 511076107021026
Getting block 9950... 360610047002013
Getting block 9951... 060133390022003
Getting block 9952... 060133390022003
Getting block 9953... 410670313001012
Getting block 9954... 320030067001018
Getting block 9955... 250010139004030
Getting block 9956... 210370505001011
Getting block 9957... 060376201022016
Getting block 9958... 420912003081012
Getting block 9959... 484910207032006
Getting block 9960... 391650320053015
Getting block 9961... 170319800001010
Getting block 9962... 250250008022013
Getting block 9963... 360610143001030
Getting block 9964... 391535301032011
Getting block 9965... 160010005004052
Getting block 9966... 340230082042006
Getting block 9967... 060590760004002
Getting block 9968... 360099607023019
Getting block 9969... 440070008001030
Getting block 9970... 260250034001005
Getting block 9971... 260250034001005
Getting block 9972... 180973910003138
Getting block 9973... 480291818131008
Getting block 9974... 131339503014004
Getting block 9975... 420550109001010
Getting block 9976... 180973910003138
Getting block 9977... 060830009002046
Getting block 9978... 090012105001000
Getting block 9979... 517000321281096
Getting block 9980... 470370166002002
Getting block 9981... 060372060311045
Getting block 9982... 191530051004034
Getting block 9983... 090158006002014
Getting block 9984... 080050076004004
Getting block 9985... 060590759025002
Getting block 9986... 060371905101000
Getting block 9987... 261251374001005
Getting block 9988... 120579900000053
Getting block 9989... 131210016001030
Getting block 9990... 420950174011014
Getting block 9991... 150090303032015
Getting block 9992... 110010106002034
Getting block 9993... 360670105002023
Getting block 9994... 170318025061003
Getting block 9995... 170310804001000
Getting block 9996... 120110908024002
Getting block 9997... 211379204001041
Getting block 9998... 340330212022038
Getting block 9999... 060599800001015
Getting block 10000... 410510084001000
Getting block 10001... 360610021001002
Getting block 10002... 270530267101009
Getting block 10003... 480850316582037
Getting block 10004... 483610203003007
Getting block 10005... 360470035002000
Getting block 10006... 060371835201000
Getting block 10007... 320030033121025
Getting block 10008... 480291819012015
Getting block 10009... 470370117001004
Getting block 10010... 060590992293042
Getting block 10011... 060710080026039
Getting block 10012... 510411009022009
Getting block 10013... 240253038011008
Getting block 10014... 060376206011005
Getting block 10015... 060770013003021
Getting block 10016... 390170111282014
Getting block 10017... 450910610051021
Getting block 10018... 120950171031099
Getting block 10019... 482013303032034
Getting block 10020... 470499652001066
Getting block 10021... 480291101001119
Getting block 10022... 490490010011006
Getting block 10023... 110010078031013
Getting block 10024... 120910229003038
Getting block 10025... 060372739024013
Getting block 10026... 060816063003012
Getting block 10027... 410470017023003
Getting block 10028... 060377024004015
Getting block 10029... 410470009003010
Getting block 10030... 360610036022001
Getting block 10031... 020200011001016
Getting block 10032... 060750615005005
Getting block 10033... 081170004014064
Getting block 10034... 421010006001021
Getting block 10035... 090034941002018
Getting block 10036... 340390312004013
Getting block 10037... 410670313001012
Getting block 10038... 421010030022005
Getting block 10039... 490351129121022
Getting block 10040... 060730013002005
Getting block 10041... 360470515001010
Getting block 10042... 450439205052000
Getting block 10043... 060374034061018
Getting block 10044... 360870101014007
Getting block 10045... 360870101014007
Getting block 10046... 371330013004009
Getting block 10047... 010730120012016
Getting block 10048... 390950028001070
Getting block 10049... 484391139112004
Getting block 10050... 261614002003001
Getting block 10051... 060730134162009
Getting block 10052... 320030003012020
Getting block 10053... 360290120021000
Getting block 10054... 450150204031050
Getting block 10055... 060990038051006
Getting block 10056... 261251611001016
Getting block 10057... 060730185043019
Getting block 10058... 060372071021019
Getting block 10059... 390351742052001
Getting block 10060... 211379204001041
Getting block 10061... 171610216002011
Getting block 10062... 320030003012020
Getting block 10063... 371830542081051
Getting block 10064... 420034294004006
Getting block 10065... 060670075014007
Getting block 10066... 060590992323002
Getting block 10067... 240338072003016
Getting block 10068... 481576721002011
Getting block 10069... 180973910003138
Getting block 10070... 060371836102010
Getting block 10071... 261158314003008
Getting block 10072... 511539015082022
Getting block 10073... 060230105012014
Getting block 10074... 360610021001002
Getting block 10075... 510731003011050
Getting block 10076... 011010058002008
Getting block 10077... 390351071011021
Getting block 10078... 320030003012020
Getting block 10079... 360610184003001
Getting block 10080... 360810081001000
Getting block 10081... 360810272002002
Getting block 10082... 261251288001015
Getting block 10083... 390610230011010
Getting block 10084... 050450307023009
Getting block 10085... 060730052001044
Getting block 10086... 420034294004006
Getting block 10087... 250173591004061
Getting block 10088... 270530260202014
Getting block 10089... 320030067001023
Getting block 10090... 350019407001009
Getting block 10091... 490359800001002
Getting block 10092... 410510032002002
Getting block 10093... 480019508002033
Getting block 10094... 060670087052236
Getting block 10095... 380259622002742
Getting block 10096... 390410124003002
Getting block 10097... 180973574001014
Getting block 10098... 490451309001022
Getting block 10099... 490351016003009
Getting block 10100... 080130122023023
Getting block 10101... 131210105112016
Getting block 10102... 391670205002018
Getting block 10103... 100030144021006
Getting block 10104... 170310621001003
Getting block 10105... 390610247002010
Getting block 10106... 271630710062014
Getting block 10107... 480291109001090
Getting block 10108... 360610047002013
Getting block 10109... 060990009091000
Getting block 10110... 360610065001005
Getting block 10111... 060590759025002
Getting block 10112... 060730122001023
Getting block 10113... 340010131022020
Getting block 10114... 360290137013006
Getting block 10115... 240317048041004
Getting block 10116... 330150590001034
Getting block 10117... 211379204001041
Getting block 10118... 130670311144006
Getting block 10119... 340312461011000
Getting block 10120... 040131141001043
Getting block 10121... 060730117002005
Getting block 10122... 261210042002019
Getting block 10123... 510594918011000
Getting block 10124... 390351841042022
Getting block 10125... 261635653002010
Getting block 10126... 120860001241010
Getting block 10127... 060373116004017
Getting block 10128... 060816008002000
Getting block 10129... 461030108002011
Getting block 10130... 180190505032042
Getting block 10131... 120990050002058
Getting block 10132... 181770009002003
Getting block 10133... 340010014001013
Getting block 10134... 190339506002109
Getting block 10135... 081170001004009
Getting block 10136... 340297224014036
Getting block 10137... 482015310001020
Getting block 10138... 131210105112016
Getting block 10139... 250251201031004
Getting block 10140... 180190506032004
Getting block 10141... 172010038052090
Getting block 10142... 080310038005032
Getting block 10143... 290470213091007
Getting block 10144... 090118705011002
Getting block 10145... 040138129001000
Getting block 10146... 240276067071017
Getting block 10147... 060371374011011
Getting block 10148... 061130111011011
Getting block 10149... 320030053461004
Getting block 10150... 060770051103010
Getting block 10151... 060750117002025
Getting block 10152... 060750177002001
Getting block 10153... 060230010004001
Getting block 10154... 482013304001001
Getting block 10155... 510131005004020
Getting block 10156... 060590759025001
Getting block 10157... 360593029002001
Getting block 10158... 360610038003001
Getting block 10159... 090091572003000
Getting block 10160... 040134226063039
Getting block 10161... 240054041022043
Getting block 10162... 421010214004001
Getting block 10163... 131210119002008
Getting block 10164... 131210119002008
Getting block 10165... 420639607004001
Getting block 10166... 490351145003207
Getting block 10167... 510131014034003
Getting block 10168... 371510302011001
Getting block 10169... 360610070005000
Getting block 10170... 450130007002050
Getting block 10171... 482013304001001
Getting block 10172... 230050045021015
Getting block 10173... 211379204001041
Getting block 10174... 421010214004001
Getting block 10175... 060372071021019
Getting block 10176... 391130019002007
Getting block 10177... 180973910003138
Getting block 10178... 131510704032019
Getting block 10179... 340258084013002
Getting block 10180... 080310017021035
Getting block 10181... 170310513002015
Getting block 10182... 310550074091002
Getting block 10183... 170310502002007
Getting block 10184... 120860004093003
Getting block 10185... 080690001002093
Getting block 10186... 516800014001012
Getting block 10187... 340210043012042
Getting block 10188... 360610021001002
Getting block 10189... 080410023001039
Getting block 10190... 551332001011007
Getting block 10191... 060730056001029
Getting block 10192... 120990066022003
Getting block 10193... 360610021001002
Getting block 10194... 530330093002016
Getting block 10195... 420370503002041
Getting block 10196... 040130715091003
Getting block 10197... 480291918072004
Getting block 10198... 060816074002001
Getting block 10199... 211110076021000
Getting block 10200... 320030053482000
Getting block 10201... 360550115053006
Getting block 10202... 320030067001027
Getting block 10203... 511371102001089
Getting block 10204... 320030067001023
Getting block 10205... 170310627001009
Getting block 10206... 340139802001111
Getting block 10207... 060730053003026
Getting block 10208... 120860030033010
Getting block 10209... 340057047002698
Getting block 10210... 360550109014003
Getting block 10211... 360610021001002
Getting block 10212... 530330217005016
Getting block 10213... 390351071011021
Getting block 10214... 280439504003024
Getting block 10215... 181770009002003
Getting block 10216... 120330035073000
Getting block 10217... 291892109122036
Getting block 10218... 120950148121041
Getting block 10219... 390351782013003
Getting block 10220... 010810411002046
Getting block 10221... 371470001003032
Getting block 10222... 370899319011029
Getting block 10223... 420912066001003
Getting block 10224... 120860040005020
Getting block 10225... 250173224002015
Getting block 10226... 120950171031033
Getting block 10227... 361031466063023
Getting block 10228... 180973910003060
Getting block 10229... 060371907001004
Getting block 10230... 060816085011011
Getting block 10231... 230190311004027
Getting block 10232... 360470555001005
Getting block 10233... 211379204001041
Getting block 10234... 481130005003013
Getting block 10235... 060730013002006
Getting